Copyright 1986-2021 Xilinx, Inc. All Rights Reserved.
--------------------------------------------------------------------------------------------
| Tool Version : Vivado v.2021.1 (win64) Build 3247384 Thu Jun 10 19:36:33 MDT 2021
| Date         : Tue Jul  7 12:04:22 2026
| Host         : LAPTOP-FOB39IA4 running 64-bit major release  (build 9200)
| Command      : report_timing_summary -file E:/fpga/fibemate/reports/timing_v5_2_debug.rpt
| Design       : fibemate_fpga_top
| Device       : 7a35t-fgg484
| Speed File   : -2  PRODUCTION 1.23 2018-06-13
--------------------------------------------------------------------------------------------

Timing Summary Report

------------------------------------------------------------------------------------------------
| Timer Settings
| --------------
------------------------------------------------------------------------------------------------

  Enable Multi Corner Analysis               :  Yes
  Enable Pessimism Removal                   :  Yes
  Pessimism Removal Resolution               :  Nearest Common Node
  Enable Input Delay Default Clock           :  No
  Enable Preset / Clear Arcs                 :  No
  Disable Flight Delays                      :  No
  Ignore I/O Paths                           :  No
  Timing Early Launch at Borrowing Latches   :  No
  Borrow Time for Max Delay Exceptions       :  Yes
  Merge Timing Exceptions                    :  Yes

  Corner  Analyze    Analyze    
  Name    Max Paths  Min Paths  
  ------  ---------  ---------  
  Slow    Yes        Yes        
  Fast    Yes        Yes        


------------------------------------------------------------------------------------------------
| Report Methodology
| ------------------
------------------------------------------------------------------------------------------------

No report available as report_methodology has not been run prior. Run report_methodology on the current design for the summary of methodology violations.



check_timing report

Table of Contents
-----------------
1. checking no_clock (0)
2. checking constant_clock (0)
3. checking pulse_width_clock (0)
4. checking unconstrained_internal_endpoints (0)
5. checking no_input_delay (0)
6. checking no_output_delay (30)
7. checking multiple_clock (0)
8. checking generated_clocks (0)
9. checking loops (0)
10. checking partial_input_delay (0)
11. checking partial_output_delay (0)
12. checking latch_loops (0)

1. checking no_clock (0)
------------------------
 There are 0 register/latch pins with no clock.


2. checking constant_clock (0)
------------------------------
 There are 0 register/latch pins with constant_clock.


3. checking pulse_width_clock (0)
---------------------------------
 There are 0 register/latch pins which need pulse_width check


4. checking unconstrained_internal_endpoints (0)
------------------------------------------------
 There are 0 pins that are not constrained for maximum delay.

 There are 0 pins that are not constrained for maximum delay due to constant clock.


5. checking no_input_delay (0)
------------------------------
 There are 0 input ports with no input delay specified.

 There are 0 input ports with no input delay but user has a false path constraint.


6. checking no_output_delay (30)
--------------------------------
 There are 30 ports with no output delay specified. (HIGH)

 There are 0 ports with no output delay but user has a false path constraint

 There are 0 ports with no output delay but with a timing clock defined on it or propagating through it


7. checking multiple_clock (0)
------------------------------
 There are 0 register/latch pins with multiple clocks.


8. checking generated_clocks (0)
--------------------------------
 There are 0 generated clocks that are not connected to a clock source.


9. checking loops (0)
---------------------
 There are 0 combinational loops in the design.


10. checking partial_input_delay (0)
------------------------------------
 There are 0 input ports with partial input delay specified.


11. checking partial_output_delay (0)
-------------------------------------
 There are 0 ports with partial output delay specified.


12. checking latch_loops (0)
----------------------------
 There are 0 combinational latch loops in the design through latch input



------------------------------------------------------------------------------------------------
| Design Timing Summary
| ---------------------
------------------------------------------------------------------------------------------------

    WNS(ns)      TNS(ns)  TNS Failing Endpoints  TNS Total Endpoints      WHS(ns)      THS(ns)  THS Failing Endpoints  THS Total Endpoints     WPWS(ns)     TPWS(ns)  TPWS Failing Endpoints  TPWS Total Endpoints  
    -------      -------  ---------------------  -------------------      -------      -------  ---------------------  -------------------     --------     --------  ----------------------  --------------------  
      8.136        0.000                      0                 3255        0.088        0.000                      0                 3255        8.870        0.000                       0                   876  


All user specified timing constraints are met.


------------------------------------------------------------------------------------------------
| Clock Summary
| -------------
------------------------------------------------------------------------------------------------

Clock    Waveform(ns)       Period(ns)      Frequency(MHz)
-----    ------------       ----------      --------------
sys_clk  {0.000 10.000}     20.000          50.000          


------------------------------------------------------------------------------------------------
| Intra Clock Table
| -----------------
------------------------------------------------------------------------------------------------

Clock             WNS(ns)      TNS(ns)  TNS Failing Endpoints  TNS Total Endpoints      WHS(ns)      THS(ns)  THS Failing Endpoints  THS Total Endpoints     WPWS(ns)     TPWS(ns)  TPWS Failing Endpoints  TPWS Total Endpoints  
-----             -------      -------  ---------------------  -------------------      -------      -------  ---------------------  -------------------     --------     --------  ----------------------  --------------------  
sys_clk             8.136        0.000                      0                 2712        0.088        0.000                      0                 2712        8.870        0.000                       0                   876  


------------------------------------------------------------------------------------------------
| Inter Clock Table
| -----------------
------------------------------------------------------------------------------------------------

From Clock    To Clock          WNS(ns)      TNS(ns)  TNS Failing Endpoints  TNS Total Endpoints      WHS(ns)      THS(ns)  THS Failing Endpoints  THS Total Endpoints  
----------    --------          -------      -------  ---------------------  -------------------      -------      -------  ---------------------  -------------------  


------------------------------------------------------------------------------------------------
| Other Path Groups Table
| -----------------------
------------------------------------------------------------------------------------------------

Path Group         From Clock         To Clock               WNS(ns)      TNS(ns)  TNS Failing Endpoints  TNS Total Endpoints      WHS(ns)      THS(ns)  THS Failing Endpoints  THS Total Endpoints  
----------         ----------         --------               -------      -------  ---------------------  -------------------      -------      -------  ---------------------  -------------------  
**async_default**  sys_clk            sys_clk                 12.745        0.000                      0                  543        1.021        0.000                      0                  543  


------------------------------------------------------------------------------------------------
| Timing Details
| --------------
------------------------------------------------------------------------------------------------


---------------------------------------------------------------------------------------------------
From Clock:  sys_clk
  To Clock:  sys_clk

Setup :            0  Failing Endpoints,  Worst Slack        8.136ns,  Total Violation        0.000ns
Hold  :            0  Failing Endpoints,  Worst Slack        0.088ns,  Total Violation        0.000ns
PW    :            0  Failing Endpoints,  Worst Slack        8.870ns,  Total Violation        0.000ns
---------------------------------------------------------------------------------------------------


Max Delay Paths
--------------------------------------------------------------------------------------
Slack (MET) :             8.136ns  (required time - arrival time)
  Source:                 u_ntt_core/u_bf/u_m/t_raw/CLK
                            (rising edge-triggered cell DSP48E1 clocked by sys_clk  {rise@0.000ns fall@10.000ns period=20.000ns})
  Destination:            u_ntt_core/u_bf/u_m/result_reg[12]/D
                            (rising edge-triggered cell FDCE clocked by sys_clk  {rise@0.000ns fall@10.000ns period=20.000ns})
  Path Group:             sys_clk
  Path Type:              Setup (Max at Slow Process Corner)
  Requirement:            20.000ns  (sys_clk rise@20.000ns - sys_clk rise@0.000ns)
  Data Path Delay:        11.776ns  (logic 8.311ns (70.574%)  route 3.465ns (29.426%))
  Logic Levels:           8  (CARRY4=3 DSP48E1=2 LUT1=1 LUT2=1 LUT6=1)
  Clock Path Skew:        -0.127ns (DCD - SCD + CPR)
    Destination Clock Delay (DCD):    4.305ns = ( 24.305 - 20.000 ) 
    Source Clock Delay      (SCD):    4.657ns
    Clock Pessimism Removal (CPR):    0.226ns
  Clock Uncertainty:      0.035ns  ((TSJ^2 + TIJ^2)^1/2 + DJ) / 2 + PE
    Total System Jitter     (TSJ):    0.071ns
    Total Input Jitter      (TIJ):    0.000ns
    Discrete Jitter          (DJ):    0.000ns
    Phase Error              (PE):    0.000ns

    Location             Delay type                Incr(ns)  Path(ns)    Netlist Resource(s)
  -------------------------------------------------------------------    -------------------
                         (clock sys_clk rise edge)    0.000     0.000 r  
    J19                                               0.000     0.000 r  sys_clk (IN)
                         net (fo=0)                   0.000     0.000    sys_clk
    J19                  IBUF (Prop_ibuf_I_O)         1.426     1.426 r  sys_clk_IBUF_inst/O
                         net (fo=1, routed)           1.693     3.119    sys_clk_IBUF
    BUFGCTRL_X0Y16       BUFG (Prop_bufg_I_O)         0.081     3.200 r  sys_clk_IBUF_BUFG_inst/O
                         net (fo=875, routed)         1.457     4.657    u_ntt_core/u_bf/u_m/sys_clk_IBUF_BUFG
    DSP48_X0Y18          DSP48E1                                      r  u_ntt_core/u_bf/u_m/t_raw/CLK
  -------------------------------------------------------------------    -------------------
    DSP48_X0Y18          DSP48E1 (Prop_dsp48e1_CLK_P[9])
                                                      0.370     5.027 r  u_ntt_core/u_bf/u_m/t_raw/P[9]
                         net (fo=2, routed)           0.784     5.811    u_ntt_core/u_bf/u_m/t_raw__0[9]
    SLICE_X12Y44         LUT2 (Prop_lut2_I0_O)        0.126     5.937 r  u_ntt_core/u_bf/u_m/m_i_5/O
                         net (fo=1, routed)           0.566     6.503    u_ntt_core/u_bf/u_m/t[9]
    DSP48_X0Y16          DSP48E1 (Prop_dsp48e1_A[9]_P[13])
                                                      3.408     9.911 r  u_ntt_core/u_bf/u_m/m/P[13]
                         net (fo=1, routed)           0.780    10.692    u_ntt_core/u_bf/u_m/m_n_92
    DSP48_X0Y19          DSP48E1 (Prop_dsp48e1_A[13]_P[16])
                                                      3.230    13.922 f  u_ntt_core/u_bf/u_m/u_raw0/P[16]
                         net (fo=5, routed)           0.864    14.786    u_ntt_core/u_bf/u_m/u_raw0_n_89
    SLICE_X13Y45         LUT1 (Prop_lut1_I0_O)        0.105    14.891 r  u_ntt_core/u_bf/u_m/u_corrected0_carry_i_3/O
                         net (fo=1, routed)           0.000    14.891    u_ntt_core/u_bf/u_m/u_corrected0_carry_i_3_n_0
    SLICE_X13Y45         CARRY4 (Prop_carry4_S[1]_CO[3])
                                                      0.457    15.348 r  u_ntt_core/u_bf/u_m/u_corrected0_carry/CO[3]
                         net (fo=1, routed)           0.000    15.348    u_ntt_core/u_bf/u_m/u_corrected0_carry_n_0
    SLICE_X13Y46         CARRY4 (Prop_carry4_CI_CO[3])
                                                      0.098    15.446 r  u_ntt_core/u_bf/u_m/u_corrected0_carry__0/CO[3]
                         net (fo=1, routed)           0.000    15.446    u_ntt_core/u_bf/u_m/u_corrected0_carry__0_n_0
    SLICE_X13Y47         CARRY4 (Prop_carry4_CI_O[3])
                                                      0.260    15.706 r  u_ntt_core/u_bf/u_m/u_corrected0_carry__1/O[3]
                         net (fo=1, routed)           0.470    16.176    u_ntt_core/u_bf/u_m/u_corrected0[12]
    SLICE_X14Y47         LUT6 (Prop_lut6_I0_O)        0.257    16.433 r  u_ntt_core/u_bf/u_m/result[12]_i_1/O
                         net (fo=1, routed)           0.000    16.433    u_ntt_core/u_bf/u_m/u_corrected[12]
    SLICE_X14Y47         FDCE                                         r  u_ntt_core/u_bf/u_m/result_reg[12]/D
  -------------------------------------------------------------------    -------------------

                         (clock sys_clk rise edge)   20.000    20.000 r  
    J19                                               0.000    20.000 r  sys_clk (IN)
                         net (fo=0)                   0.000    20.000    sys_clk
    J19                  IBUF (Prop_ibuf_I_O)         1.360    21.360 r  sys_clk_IBUF_inst/O
                         net (fo=1, routed)           1.604    22.964    sys_clk_IBUF
    BUFGCTRL_X0Y16       BUFG (Prop_bufg_I_O)         0.077    23.041 r  sys_clk_IBUF_BUFG_inst/O
                         net (fo=875, routed)         1.264    24.305    u_ntt_core/u_bf/u_m/sys_clk_IBUF_BUFG
    SLICE_X14Y47         FDCE                                         r  u_ntt_core/u_bf/u_m/result_reg[12]/C
                         clock pessimism              0.226    24.531    
                         clock uncertainty           -0.035    24.495    
    SLICE_X14Y47         FDCE (Setup_fdce_C_D)        0.074    24.569    u_ntt_core/u_bf/u_m/result_reg[12]
  -------------------------------------------------------------------
                         required time                         24.569    
                         arrival time                         -16.433    
  -------------------------------------------------------------------
                         slack                                  8.136    





Min Delay Paths
--------------------------------------------------------------------------------------
Slack (MET) :             0.088ns  (arrival time - required time)
  Source:                 boot_wait_cnt_reg[3]/C
                            (rising edge-triggered cell FDCE clocked by sys_clk  {rise@0.000ns fall@10.000ns period=20.000ns})
  Destination:            boot_wait_cnt_reg[5]/D
                            (rising edge-triggered cell FDCE clocked by sys_clk  {rise@0.000ns fall@10.000ns period=20.000ns})
  Path Group:             sys_clk
  Path Type:              Hold (Min at Fast Process Corner)
  Requirement:            0.000ns  (sys_clk rise@0.000ns - sys_clk rise@0.000ns)
  Data Path Delay:        0.486ns  (logic 0.373ns (76.783%)  route 0.113ns (23.217%))
  Logic Levels:           2  (CARRY4=2)
  Clock Path Skew:        0.264ns (DCD - SCD - CPR)
    Destination Clock Delay (DCD):    2.001ns
    Source Clock Delay      (SCD):    1.491ns
    Clock Pessimism Removal (CPR):    0.246ns

    Location             Delay type                Incr(ns)  Path(ns)    Netlist Resource(s)
  -------------------------------------------------------------------    -------------------
                         (clock sys_clk rise edge)    0.000     0.000 r  
    J19                                               0.000     0.000 r  sys_clk (IN)
                         net (fo=0)                   0.000     0.000    sys_clk
    J19                  IBUF (Prop_ibuf_I_O)         0.263     0.263 r  sys_clk_IBUF_inst/O
                         net (fo=1, routed)           0.634     0.897    sys_clk_IBUF
    BUFGCTRL_X0Y16       BUFG (Prop_bufg_I_O)         0.026     0.923 r  sys_clk_IBUF_BUFG_inst/O
                         net (fo=875, routed)         0.569     1.491    sys_clk_IBUF_BUFG
    SLICE_X14Y49         FDCE                                         r  boot_wait_cnt_reg[3]/C
  -------------------------------------------------------------------    -------------------
    SLICE_X14Y49         FDCE (Prop_fdce_C_Q)         0.164     1.655 r  boot_wait_cnt_reg[3]/Q
                         net (fo=1, routed)           0.112     1.767    boot_wait_cnt__0[3]
    SLICE_X14Y49         CARRY4 (Prop_carry4_S[2]_CO[3])
                                                      0.156     1.923 r  boot_wait_cnt_reg[4]_i_1/CO[3]
                         net (fo=1, routed)           0.001     1.924    boot_wait_cnt_reg[4]_i_1_n_0
    SLICE_X14Y50         CARRY4 (Prop_carry4_CI_O[0])
                                                      0.053     1.977 r  boot_wait_cnt_reg[8]_i_1/O[0]
                         net (fo=1, routed)           0.000     1.977    boot_wait_cnt_reg[8]_i_1_n_7
    SLICE_X14Y50         FDCE                                         r  boot_wait_cnt_reg[5]/D
  -------------------------------------------------------------------    -------------------

                         (clock sys_clk rise edge)    0.000     0.000 r  
    J19                                               0.000     0.000 r  sys_clk (IN)
                         net (fo=0)                   0.000     0.000    sys_clk
    J19                  IBUF (Prop_ibuf_I_O)         0.451     0.451 r  sys_clk_IBUF_inst/O
                         net (fo=1, routed)           0.689     1.139    sys_clk_IBUF
    BUFGCTRL_X0Y16       BUFG (Prop_bufg_I_O)         0.029     1.168 r  sys_clk_IBUF_BUFG_inst/O
                         net (fo=875, routed)         0.833     2.001    sys_clk_IBUF_BUFG
    SLICE_X14Y50         FDCE                                         r  boot_wait_cnt_reg[5]/C
                         clock pessimism             -0.246     1.755    
    SLICE_X14Y50         FDCE (Hold_fdce_C_D)         0.134     1.889    boot_wait_cnt_reg[5]
  -------------------------------------------------------------------
                         required time                         -1.889    
                         arrival time                           1.977    
  -------------------------------------------------------------------
                         slack                                  0.088    





Pulse Width Checks
--------------------------------------------------------------------------------------
Clock Name:         sys_clk
Waveform(ns):       { 0.000 10.000 }
Period(ns):         20.000
Sources:            { sys_clk }

Check Type        Corner  Lib Pin      Reference Pin  Required(ns)  Actual(ns)  Slack(ns)  Location      Pin
Min Period        n/a     DSP48E1/CLK  n/a            1.816         20.000      18.184     DSP48_X0Y18   u_ntt_core/u_bf/u_m/t_raw/CLK
Low Pulse Width   Slow    RAMD64E/CLK  n/a            1.130         10.000      8.870      SLICE_X10Y54  ram_reg_r1_0_63_0_2/RAMA/CLK
High Pulse Width  Slow    RAMD64E/CLK  n/a            1.130         10.000      8.870      SLICE_X10Y54  ram_reg_r1_0_63_0_2/RAMA/CLK



---------------------------------------------------------------------------------------------------
Path Group:  **async_default**
From Clock:  sys_clk
  To Clock:  sys_clk

Setup :            0  Failing Endpoints,  Worst Slack       12.745ns,  Total Violation        0.000ns
Hold  :            0  Failing Endpoints,  Worst Slack        1.021ns,  Total Violation        0.000ns
---------------------------------------------------------------------------------------------------


Max Delay Paths
--------------------------------------------------------------------------------------
Slack (MET) :             12.745ns  (required time - arrival time)
  Source:                 rst_n_reg/C
                            (rising edge-triggered cell FDRE clocked by sys_clk  {rise@0.000ns fall@10.000ns period=20.000ns})
  Destination:            u_ntt_core/u_bf/m_b_reg[10]/CLR
                            (recovery check against rising-edge clock sys_clk  {rise@0.000ns fall@10.000ns period=20.000ns})
  Path Group:             **async_default**
  Path Type:              Recovery (Max at Slow Process Corner)
  Requirement:            20.000ns  (sys_clk rise@20.000ns - sys_clk rise@0.000ns)
  Data Path Delay:        6.633ns  (logic 0.489ns (7.372%)  route 6.144ns (92.628%))
  Logic Levels:           1  (LUT1=1)
  Clock Path Skew:        -0.093ns (DCD - SCD + CPR)
    Destination Clock Delay (DCD):    4.305ns = ( 24.305 - 20.000 ) 
    Source Clock Delay      (SCD):    4.556ns
    Clock Pessimism Removal (CPR):    0.159ns
  Clock Uncertainty:      0.035ns  ((TSJ^2 + TIJ^2)^1/2 + DJ) / 2 + PE
    Total System Jitter     (TSJ):    0.071ns
    Total Input Jitter      (TIJ):    0.000ns
    Discrete Jitter          (DJ):    0.000ns
    Phase Error              (PE):    0.000ns

    Location             Delay type                Incr(ns)  Path(ns)    Netlist Resource(s)
  -------------------------------------------------------------------    -------------------
                         (clock sys_clk rise edge)    0.000     0.000 r  
    J19                                               0.000     0.000 r  sys_clk (IN)
                         net (fo=0)                   0.000     0.000    sys_clk
    J19                  IBUF (Prop_ibuf_I_O)         1.426     1.426 r  sys_clk_IBUF_inst/O
                         net (fo=1, routed)           1.693     3.119    sys_clk_IBUF
    BUFGCTRL_X0Y16       BUFG (Prop_bufg_I_O)         0.081     3.200 r  sys_clk_IBUF_BUFG_inst/O
                         net (fo=875, routed)         1.356     4.556    sys_clk_IBUF_BUFG
    SLICE_X13Y52         FDRE                                         r  rst_n_reg/C
  -------------------------------------------------------------------    -------------------
    SLICE_X13Y52         FDRE (Prop_fdre_C_Q)         0.379     4.935 r  rst_n_reg/Q
                         net (fo=5, routed)           1.010     5.945    u_ntt_core/u_bf/u_m/rst_n
    SLICE_X9Y58          LUT1 (Prop_lut1_I0_O)        0.110     6.055 f  u_ntt_core/u_bf/u_m/v4_i_1/O
                         net (fo=543, routed)         5.133    11.189    u_ntt_core/u_bf/rst_n_reg
    SLICE_X11Y42         FDCE                                         f  u_ntt_core/u_bf/m_b_reg[10]/CLR
  -------------------------------------------------------------------    -------------------

                         (clock sys_clk rise edge)   20.000    20.000 r  
    J19                                               0.000    20.000 r  sys_clk (IN)
                         net (fo=0)                   0.000    20.000    sys_clk
    J19                  IBUF (Prop_ibuf_I_O)         1.360    21.360 r  sys_clk_IBUF_inst/O
                         net (fo=1, routed)           1.604    22.964    sys_clk_IBUF
    BUFGCTRL_X0Y16       BUFG (Prop_bufg_I_O)         0.077    23.041 r  sys_clk_IBUF_BUFG_inst/O
                         net (fo=875, routed)         1.264    24.305    u_ntt_core/u_bf/sys_clk_IBUF_BUFG
    SLICE_X11Y42         FDCE                                         r  u_ntt_core/u_bf/m_b_reg[10]/C
                         clock pessimism              0.159    24.464    
                         clock uncertainty           -0.035    24.428    
    SLICE_X11Y42         FDCE (Recov_fdce_C_CLR)     -0.494    23.934    u_ntt_core/u_bf/m_b_reg[10]
  -------------------------------------------------------------------
                         required time                         23.934    
                         arrival time                         -11.189    
  -------------------------------------------------------------------
                         slack                                 12.745    





Min Delay Paths
--------------------------------------------------------------------------------------
Slack (MET) :             1.021ns  (arrival time - required time)
  Source:                 rst_n_reg/C
                            (rising edge-triggered cell FDRE clocked by sys_clk  {rise@0.000ns fall@10.000ns period=20.000ns})
  Destination:            u_ntt_core/aq_wr_ptr_reg[0]/CLR
                            (removal check against rising-edge clock sys_clk  {rise@0.000ns fall@10.000ns period=20.000ns})
  Path Group:             **async_default**
  Path Type:              Removal (Min at Fast Process Corner)
  Requirement:            0.000ns  (sys_clk rise@0.000ns - sys_clk rise@0.000ns)
  Data Path Delay:        0.898ns  (logic 0.192ns (21.385%)  route 0.706ns (78.615%))
  Logic Levels:           1  (LUT1=1)
  Clock Path Skew:        0.034ns (DCD - SCD - CPR)
    Destination Clock Delay (DCD):    1.999ns
    Source Clock Delay      (SCD):    1.485ns
    Clock Pessimism Removal (CPR):    0.479ns

    Location             Delay type                Incr(ns)  Path(ns)    Netlist Resource(s)
  -------------------------------------------------------------------    -------------------
                         (clock sys_clk rise edge)    0.000     0.000 r  
    J19                                               0.000     0.000 r  sys_clk (IN)
                         net (fo=0)                   0.000     0.000    sys_clk
    J19                  IBUF (Prop_ibuf_I_O)         0.263     0.263 r  sys_clk_IBUF_inst/O
                         net (fo=1, routed)           0.634     0.897    sys_clk_IBUF
    BUFGCTRL_X0Y16       BUFG (Prop_bufg_I_O)         0.026     0.923 r  sys_clk_IBUF_BUFG_inst/O
                         net (fo=875, routed)         0.563     1.485    sys_clk_IBUF_BUFG
    SLICE_X13Y52         FDRE                                         r  rst_n_reg/C
  -------------------------------------------------------------------    -------------------
    SLICE_X13Y52         FDRE (Prop_fdre_C_Q)         0.141     1.626 r  rst_n_reg/Q
                         net (fo=5, routed)           0.470     2.097    u_ntt_core/u_bf/u_m/rst_n
    SLICE_X9Y58          LUT1 (Prop_lut1_I0_O)        0.051     2.148 f  u_ntt_core/u_bf/u_m/v4_i_1/O
                         net (fo=543, routed)         0.235     2.383    u_ntt_core/rst_n_reg
    SLICE_X9Y58          FDCE                                         f  u_ntt_core/aq_wr_ptr_reg[0]/CLR
  -------------------------------------------------------------------    -------------------

                         (clock sys_clk rise edge)    0.000     0.000 r  
    J19                                               0.000     0.000 r  sys_clk (IN)
                         net (fo=0)                   0.000     0.000    sys_clk
    J19                  IBUF (Prop_ibuf_I_O)         0.451     0.451 r  sys_clk_IBUF_inst/O
                         net (fo=1, routed)           0.689     1.139    sys_clk_IBUF
    BUFGCTRL_X0Y16       BUFG (Prop_bufg_I_O)         0.029     1.168 r  sys_clk_IBUF_BUFG_inst/O
                         net (fo=875, routed)         0.831     1.999    u_ntt_core/sys_clk_IBUF_BUFG
    SLICE_X9Y58          FDCE                                         r  u_ntt_core/aq_wr_ptr_reg[0]/C
                         clock pessimism             -0.479     1.519    
    SLICE_X9Y58          FDCE (Remov_fdce_C_CLR)     -0.157     1.362    u_ntt_core/aq_wr_ptr_reg[0]
  -------------------------------------------------------------------
                         required time                         -1.362    
                         arrival time                           2.383    
  -------------------------------------------------------------------
                         slack                                  1.021    





