Copyright 1986-2021 Xilinx, Inc. All Rights Reserved.
--------------------------------------------------------------------------------------------
| Tool Version : Vivado v.2021.1 (win64) Build 3247384 Thu Jun 10 19:36:33 MDT 2021
| Date         : Fri Jul 10 08:22:58 2026
| Host         : LAPTOP-FOB39IA4 running 64-bit major release  (build 9200)
| Command      : report_timing_summary -file E:/fpga/fibemate/reports/timing_v5_3_bpfix.rpt
| Design       : fibemate_fpga_top
| Device       : 7a35t-fgg484
| Speed File   : -2  PRODUCTION 1.23 2018-06-13
--------------------------------------------------------------------------------------------

Timing Summary Report

------------------------------------------------------------------------------------------------
| Timer Settings
| --------------
------------------------------------------------------------------------------------------------

  Enable Multi Corner Analysis               :  Yes
  Enable Pessimism Removal                   :  Yes
  Pessimism Removal Resolution               :  Nearest Common Node
  Enable Input Delay Default Clock           :  No
  Enable Preset / Clear Arcs                 :  No
  Disable Flight Delays                      :  No
  Ignore I/O Paths                           :  No
  Timing Early Launch at Borrowing Latches   :  No
  Borrow Time for Max Delay Exceptions       :  Yes
  Merge Timing Exceptions                    :  Yes

  Corner  Analyze    Analyze    
  Name    Max Paths  Min Paths  
  ------  ---------  ---------  
  Slow    Yes        Yes        
  Fast    Yes        Yes        


------------------------------------------------------------------------------------------------
| Report Methodology
| ------------------
------------------------------------------------------------------------------------------------

No report available as report_methodology has not been run prior. Run report_methodology on the current design for the summary of methodology violations.



check_timing report

Table of Contents
-----------------
1. checking no_clock (0)
2. checking constant_clock (0)
3. checking pulse_width_clock (0)
4. checking unconstrained_internal_endpoints (0)
5. checking no_input_delay (0)
6. checking no_output_delay (28)
7. checking multiple_clock (0)
8. checking generated_clocks (0)
9. checking loops (0)
10. checking partial_input_delay (0)
11. checking partial_output_delay (0)
12. checking latch_loops (0)

1. checking no_clock (0)
------------------------
 There are 0 register/latch pins with no clock.


2. checking constant_clock (0)
------------------------------
 There are 0 register/latch pins with constant_clock.


3. checking pulse_width_clock (0)
---------------------------------
 There are 0 register/latch pins which need pulse_width check


4. checking unconstrained_internal_endpoints (0)
------------------------------------------------
 There are 0 pins that are not constrained for maximum delay.

 There are 0 pins that are not constrained for maximum delay due to constant clock.


5. checking no_input_delay (0)
------------------------------
 There are 0 input ports with no input delay specified.

 There are 0 input ports with no input delay but user has a false path constraint.


6. checking no_output_delay (28)
--------------------------------
 There are 28 ports with no output delay specified. (HIGH)

 There are 0 ports with no output delay but user has a false path constraint

 There are 0 ports with no output delay but with a timing clock defined on it or propagating through it


7. checking multiple_clock (0)
------------------------------
 There are 0 register/latch pins with multiple clocks.


8. checking generated_clocks (0)
--------------------------------
 There are 0 generated clocks that are not connected to a clock source.


9. checking loops (0)
---------------------
 There are 0 combinational loops in the design.


10. checking partial_input_delay (0)
------------------------------------
 There are 0 input ports with partial input delay specified.


11. checking partial_output_delay (0)
-------------------------------------
 There are 0 ports with partial output delay specified.


12. checking latch_loops (0)
----------------------------
 There are 0 combinational latch loops in the design through latch input



------------------------------------------------------------------------------------------------
| Design Timing Summary
| ---------------------
------------------------------------------------------------------------------------------------

    WNS(ns)      TNS(ns)  TNS Failing Endpoints  TNS Total Endpoints      WHS(ns)      THS(ns)  THS Failing Endpoints  THS Total Endpoints     WPWS(ns)     TPWS(ns)  TPWS Failing Endpoints  TPWS Total Endpoints  
    -------      -------  ---------------------  -------------------      -------      -------  ---------------------  -------------------     --------     --------  ----------------------  --------------------  
      9.752        0.000                      0                 4945        0.128        0.000                      0                 4945        9.500        0.000                       0                  2371  


All user specified timing constraints are met.


------------------------------------------------------------------------------------------------
| Clock Summary
| -------------
------------------------------------------------------------------------------------------------

Clock    Waveform(ns)       Period(ns)      Frequency(MHz)
-----    ------------       ----------      --------------
sys_clk  {0.000 10.000}     20.000          50.000          


------------------------------------------------------------------------------------------------
| Intra Clock Table
| -----------------
------------------------------------------------------------------------------------------------

Clock             WNS(ns)      TNS(ns)  TNS Failing Endpoints  TNS Total Endpoints      WHS(ns)      THS(ns)  THS Failing Endpoints  THS Total Endpoints     WPWS(ns)     TPWS(ns)  TPWS Failing Endpoints  TPWS Total Endpoints  
-----             -------      -------  ---------------------  -------------------      -------      -------  ---------------------  -------------------     --------     --------  ----------------------  --------------------  
sys_clk             9.752        0.000                      0                 4648        0.128        0.000                      0                 4648        9.500        0.000                       0                  2371  


------------------------------------------------------------------------------------------------
| Inter Clock Table
| -----------------
------------------------------------------------------------------------------------------------

From Clock    To Clock          WNS(ns)      TNS(ns)  TNS Failing Endpoints  TNS Total Endpoints      WHS(ns)      THS(ns)  THS Failing Endpoints  THS Total Endpoints  
----------    --------          -------      -------  ---------------------  -------------------      -------      -------  ---------------------  -------------------  


------------------------------------------------------------------------------------------------
| Other Path Groups Table
| -----------------------
------------------------------------------------------------------------------------------------

Path Group         From Clock         To Clock               WNS(ns)      TNS(ns)  TNS Failing Endpoints  TNS Total Endpoints      WHS(ns)      THS(ns)  THS Failing Endpoints  THS Total Endpoints  
----------         ----------         --------               -------      -------  ---------------------  -------------------      -------      -------  ---------------------  -------------------  
**async_default**  sys_clk            sys_clk                 13.952        0.000                      0                  297        0.753        0.000                      0                  297  


------------------------------------------------------------------------------------------------
| Timing Details
| --------------
------------------------------------------------------------------------------------------------


---------------------------------------------------------------------------------------------------
From Clock:  sys_clk
  To Clock:  sys_clk

Setup :            0  Failing Endpoints,  Worst Slack        9.752ns,  Total Violation        0.000ns
Hold  :            0  Failing Endpoints,  Worst Slack        0.128ns,  Total Violation        0.000ns
PW    :            0  Failing Endpoints,  Worst Slack        9.500ns,  Total Violation        0.000ns
---------------------------------------------------------------------------------------------------


Max Delay Paths
--------------------------------------------------------------------------------------
Slack (MET) :             9.752ns  (required time - arrival time)
  Source:                 seq_cnt_reg[1]_rep__4/C
                            (rising edge-triggered cell FDCE clocked by sys_clk  {rise@0.000ns fall@10.000ns period=20.000ns})
  Destination:            inv_pass_flag_reg/D
                            (rising edge-triggered cell FDCE clocked by sys_clk  {rise@0.000ns fall@10.000ns period=20.000ns})
  Path Group:             sys_clk
  Path Type:              Setup (Max at Slow Process Corner)
  Requirement:            20.000ns  (sys_clk rise@20.000ns - sys_clk rise@0.000ns)
  Data Path Delay:        9.973ns  (logic 2.359ns (23.653%)  route 7.614ns (76.347%))
  Logic Levels:           9  (CARRY4=1 LUT5=1 LUT6=3 MUXF7=2 MUXF8=2)
  Clock Path Skew:        -0.053ns (DCD - SCD + CPR)
    Destination Clock Delay (DCD):    4.275ns = ( 24.275 - 20.000 ) 
    Source Clock Delay      (SCD):    4.552ns
    Clock Pessimism Removal (CPR):    0.224ns
  Clock Uncertainty:      0.035ns  ((TSJ^2 + TIJ^2)^1/2 + DJ) / 2 + PE
    Total System Jitter     (TSJ):    0.071ns
    Total Input Jitter      (TIJ):    0.000ns
    Discrete Jitter          (DJ):    0.000ns
    Phase Error              (PE):    0.000ns

    Location             Delay type                Incr(ns)  Path(ns)    Netlist Resource(s)
  -------------------------------------------------------------------    -------------------
                         (clock sys_clk rise edge)    0.000     0.000 r  
    J19                                               0.000     0.000 r  sys_clk (IN)
                         net (fo=0)                   0.000     0.000    sys_clk
    J19                  IBUF (Prop_ibuf_I_O)         1.426     1.426 r  sys_clk_IBUF_inst/O
                         net (fo=1, routed)           1.693     3.119    sys_clk_IBUF
    BUFGCTRL_X0Y16       BUFG (Prop_bufg_I_O)         0.081     3.200 r  sys_clk_IBUF_BUFG_inst/O
                         net (fo=2370, routed)        1.352     4.552    sys_clk_IBUF_BUFG
    SLICE_X10Y87         FDCE                                         r  seq_cnt_reg[1]_rep__4/C
  -------------------------------------------------------------------    -------------------
    SLICE_X10Y87         FDCE (Prop_fdce_C_Q)         0.433     4.985 r  seq_cnt_reg[1]_rep__4/Q
                         net (fo=112, routed)         3.838     8.823    seq_cnt_reg[1]_rep__4_n_0
    SLICE_X25Y118        LUT6 (Prop_lut6_I2_O)        0.105     8.928 r  inv_pass_flag_i_595/O
                         net (fo=1, routed)           0.000     8.928    inv_pass_flag_i_595_n_0
    SLICE_X25Y118        MUXF7 (Prop_muxf7_I1_O)      0.182     9.110 r  inv_pass_flag_reg_i_391/O
                         net (fo=1, routed)           0.000     9.110    inv_pass_flag_reg_i_391_n_0
    SLICE_X25Y118        MUXF8 (Prop_muxf8_I1_O)      0.079     9.189 r  inv_pass_flag_reg_i_161/O
                         net (fo=1, routed)           1.337    10.526    inv_pass_flag_reg_i_161_n_0
    SLICE_X30Y104        LUT6 (Prop_lut6_I1_O)        0.264    10.790 r  inv_pass_flag_i_69/O
                         net (fo=1, routed)           0.000    10.790    inv_pass_flag_i_69_n_0
    SLICE_X30Y104        MUXF7 (Prop_muxf7_I1_O)      0.206    10.996 r  inv_pass_flag_reg_i_24/O
                         net (fo=1, routed)           0.000    10.996    inv_pass_flag_reg_i_24_n_0
    SLICE_X30Y104        MUXF8 (Prop_muxf8_I0_O)      0.082    11.078 r  inv_pass_flag_reg_i_10/O
                         net (fo=1, routed)           0.393    11.470    inv_pass_flag_reg_i_10_n_0
    SLICE_X28Y104        LUT6 (Prop_lut6_I0_O)        0.259    11.729 r  inv_pass_flag_i_4/O
                         net (fo=1, routed)           0.000    11.729    inv_pass_flag_i_4_n_0
    SLICE_X28Y104        CARRY4 (Prop_carry4_S[1]_CO[2])
                                                      0.475    12.204 f  inv_pass_flag_reg_i_2/CO[2]
                         net (fo=1, routed)           1.673    13.877    u_ntt_core/u_core/CO[0]
    SLICE_X12Y78         LUT5 (Prop_lut5_I2_O)        0.274    14.151 r  u_ntt_core/u_core/inv_pass_flag_i_1/O
                         net (fo=1, routed)           0.374    14.525    u_ntt_core_n_13
    SLICE_X12Y77         FDCE                                         r  inv_pass_flag_reg/D
  -------------------------------------------------------------------    -------------------

                         (clock sys_clk rise edge)   20.000    20.000 r  
    J19                                               0.000    20.000 r  sys_clk (IN)
                         net (fo=0)                   0.000    20.000    sys_clk
    J19                  IBUF (Prop_ibuf_I_O)         1.360    21.360 r  sys_clk_IBUF_inst/O
                         net (fo=1, routed)           1.604    22.964    sys_clk_IBUF
    BUFGCTRL_X0Y16       BUFG (Prop_bufg_I_O)         0.077    23.041 r  sys_clk_IBUF_BUFG_inst/O
                         net (fo=2370, routed)        1.234    24.275    sys_clk_IBUF_BUFG
    SLICE_X12Y77         FDCE                                         r  inv_pass_flag_reg/C
                         clock pessimism              0.224    24.499    
                         clock uncertainty           -0.035    24.464    
    SLICE_X12Y77         FDCE (Setup_fdce_C_D)       -0.186    24.278    inv_pass_flag_reg
  -------------------------------------------------------------------
                         required time                         24.278    
                         arrival time                         -14.525    
  -------------------------------------------------------------------
                         slack                                  9.752    





Min Delay Paths
--------------------------------------------------------------------------------------
Slack (MET) :             0.128ns  (arrival time - required time)
  Source:                 u_ntt_core/u_mask/FSM_onehot_rs_reg[2]/C
                            (rising edge-triggered cell FDCE clocked by sys_clk  {rise@0.000ns fall@10.000ns period=20.000ns})
  Destination:            u_ntt_core/u_mask/prng_req_reg/D
                            (rising edge-triggered cell FDCE clocked by sys_clk  {rise@0.000ns fall@10.000ns period=20.000ns})
  Path Group:             sys_clk
  Path Type:              Hold (Min at Fast Process Corner)
  Requirement:            0.000ns  (sys_clk rise@0.000ns - sys_clk rise@0.000ns)
  Data Path Delay:        0.262ns  (logic 0.186ns (71.111%)  route 0.076ns (28.889%))
  Logic Levels:           1  (LUT4=1)
  Clock Path Skew:        0.013ns (DCD - SCD - CPR)
    Destination Clock Delay (DCD):    2.014ns
    Source Clock Delay      (SCD):    1.500ns
    Clock Pessimism Removal (CPR):    0.500ns

    Location             Delay type                Incr(ns)  Path(ns)    Netlist Resource(s)
  -------------------------------------------------------------------    -------------------
                         (clock sys_clk rise edge)    0.000     0.000 r  
    J19                                               0.000     0.000 r  sys_clk (IN)
                         net (fo=0)                   0.000     0.000    sys_clk
    J19                  IBUF (Prop_ibuf_I_O)         0.263     0.263 r  sys_clk_IBUF_inst/O
                         net (fo=1, routed)           0.634     0.897    sys_clk_IBUF
    BUFGCTRL_X0Y16       BUFG (Prop_bufg_I_O)         0.026     0.923 r  sys_clk_IBUF_BUFG_inst/O
                         net (fo=2370, routed)        0.578     1.500    u_ntt_core/u_mask/sys_clk_IBUF_BUFG
    SLICE_X3Y74          FDCE                                         r  u_ntt_core/u_mask/FSM_onehot_rs_reg[2]/C
  -------------------------------------------------------------------    -------------------
    SLICE_X3Y74          FDCE (Prop_fdce_C_Q)         0.141     1.641 r  u_ntt_core/u_mask/FSM_onehot_rs_reg[2]/Q
                         net (fo=3, routed)           0.076     1.717    u_ntt_core/u_mask/FSM_onehot_rs_reg_n_0_[2]
    SLICE_X2Y74          LUT4 (Prop_lut4_I3_O)        0.045     1.762 r  u_ntt_core/u_mask/prng_req_i_1/O
                         net (fo=1, routed)           0.000     1.762    u_ntt_core/u_mask/prng_req_i_1_n_0
    SLICE_X2Y74          FDCE                                         r  u_ntt_core/u_mask/prng_req_reg/D
  -------------------------------------------------------------------    -------------------

                         (clock sys_clk rise edge)    0.000     0.000 r  
    J19                                               0.000     0.000 r  sys_clk (IN)
                         net (fo=0)                   0.000     0.000    sys_clk
    J19                  IBUF (Prop_ibuf_I_O)         0.451     0.451 r  sys_clk_IBUF_inst/O
                         net (fo=1, routed)           0.689     1.139    sys_clk_IBUF
    BUFGCTRL_X0Y16       BUFG (Prop_bufg_I_O)         0.029     1.168 r  sys_clk_IBUF_BUFG_inst/O
                         net (fo=2370, routed)        0.845     2.014    u_ntt_core/u_mask/sys_clk_IBUF_BUFG
    SLICE_X2Y74          FDCE                                         r  u_ntt_core/u_mask/prng_req_reg/C
                         clock pessimism             -0.500     1.513    
    SLICE_X2Y74          FDCE (Hold_fdce_C_D)         0.121     1.634    u_ntt_core/u_mask/prng_req_reg
  -------------------------------------------------------------------
                         required time                         -1.634    
                         arrival time                           1.762    
  -------------------------------------------------------------------
                         slack                                  0.128    





Pulse Width Checks
--------------------------------------------------------------------------------------
Clock Name:         sys_clk
Waveform(ns):       { 0.000 10.000 }
Period(ns):         20.000
Sources:            { sys_clk }

Check Type        Corner  Lib Pin  Reference Pin  Required(ns)  Actual(ns)  Slack(ns)  Location        Pin
Min Period        n/a     BUFG/I   n/a            1.592         20.000      18.408     BUFGCTRL_X0Y16  sys_clk_IBUF_BUFG_inst/I
Low Pulse Width   Slow    FDPE/C   n/a            0.500         10.000      9.500      SLICE_X12Y78    FSM_onehot_seq_state_reg[0]/C
High Pulse Width  Slow    FDPE/C   n/a            0.500         10.000      9.500      SLICE_X12Y78    FSM_onehot_seq_state_reg[0]/C



---------------------------------------------------------------------------------------------------
Path Group:  **async_default**
From Clock:  sys_clk
  To Clock:  sys_clk

Setup :            0  Failing Endpoints,  Worst Slack       13.952ns,  Total Violation        0.000ns
Hold  :            0  Failing Endpoints,  Worst Slack        0.753ns,  Total Violation        0.000ns
---------------------------------------------------------------------------------------------------


Max Delay Paths
--------------------------------------------------------------------------------------
Slack (MET) :             13.952ns  (required time - arrival time)
  Source:                 rst_n_reg/C
                            (rising edge-triggered cell FDRE clocked by sys_clk  {rise@0.000ns fall@10.000ns period=20.000ns})
  Destination:            seq_cnt_reg[0]_rep__2/CLR
                            (recovery check against rising-edge clock sys_clk  {rise@0.000ns fall@10.000ns period=20.000ns})
  Path Group:             **async_default**
  Path Type:              Recovery (Max at Slow Process Corner)
  Requirement:            20.000ns  (sys_clk rise@20.000ns - sys_clk rise@0.000ns)
  Data Path Delay:        5.646ns  (logic 0.538ns (9.528%)  route 5.108ns (90.472%))
  Logic Levels:           1  (LUT1=1)
  Clock Path Skew:        -0.035ns (DCD - SCD + CPR)
    Destination Clock Delay (DCD):    4.278ns = ( 24.278 - 20.000 ) 
    Source Clock Delay      (SCD):    4.537ns
    Clock Pessimism Removal (CPR):    0.224ns
  Clock Uncertainty:      0.035ns  ((TSJ^2 + TIJ^2)^1/2 + DJ) / 2 + PE
    Total System Jitter     (TSJ):    0.071ns
    Total Input Jitter      (TIJ):    0.000ns
    Discrete Jitter          (DJ):    0.000ns
    Phase Error              (PE):    0.000ns

    Location             Delay type                Incr(ns)  Path(ns)    Netlist Resource(s)
  -------------------------------------------------------------------    -------------------
                         (clock sys_clk rise edge)    0.000     0.000 r  
    J19                                               0.000     0.000 r  sys_clk (IN)
                         net (fo=0)                   0.000     0.000    sys_clk
    J19                  IBUF (Prop_ibuf_I_O)         1.426     1.426 r  sys_clk_IBUF_inst/O
                         net (fo=1, routed)           1.693     3.119    sys_clk_IBUF
    BUFGCTRL_X0Y16       BUFG (Prop_bufg_I_O)         0.081     3.200 r  sys_clk_IBUF_BUFG_inst/O
                         net (fo=2370, routed)        1.337     4.537    sys_clk_IBUF_BUFG
    SLICE_X14Y75         FDRE                                         r  rst_n_reg/C
  -------------------------------------------------------------------    -------------------
    SLICE_X14Y75         FDRE (Prop_fdre_C_Q)         0.433     4.970 r  rst_n_reg/Q
                         net (fo=13, routed)          0.686     5.656    u_ntt_core/u_core/u_bf/u_m/rst_n
    SLICE_X12Y75         LUT1 (Prop_lut1_I0_O)        0.105     5.761 f  u_ntt_core/u_core/u_bf/u_m/led_i_2/O
                         net (fo=297, routed)         4.422    10.183    u_ntt_core_n_0
    SLICE_X31Y85         FDCE                                         f  seq_cnt_reg[0]_rep__2/CLR
  -------------------------------------------------------------------    -------------------

                         (clock sys_clk rise edge)   20.000    20.000 r  
    J19                                               0.000    20.000 r  sys_clk (IN)
                         net (fo=0)                   0.000    20.000    sys_clk
    J19                  IBUF (Prop_ibuf_I_O)         1.360    21.360 r  sys_clk_IBUF_inst/O
                         net (fo=1, routed)           1.604    22.964    sys_clk_IBUF
    BUFGCTRL_X0Y16       BUFG (Prop_bufg_I_O)         0.077    23.041 r  sys_clk_IBUF_BUFG_inst/O
                         net (fo=2370, routed)        1.237    24.278    sys_clk_IBUF_BUFG
    SLICE_X31Y85         FDCE                                         r  seq_cnt_reg[0]_rep__2/C
                         clock pessimism              0.224    24.502    
                         clock uncertainty           -0.035    24.467    
    SLICE_X31Y85         FDCE (Recov_fdce_C_CLR)     -0.331    24.136    seq_cnt_reg[0]_rep__2
  -------------------------------------------------------------------
                         required time                         24.136    
                         arrival time                         -10.183    
  -------------------------------------------------------------------
                         slack                                 13.952    





Min Delay Paths
--------------------------------------------------------------------------------------
Slack (MET) :             0.753ns  (arrival time - required time)
  Source:                 rst_n_reg/C
                            (rising edge-triggered cell FDRE clocked by sys_clk  {rise@0.000ns fall@10.000ns period=20.000ns})
  Destination:            FSM_sequential_boot_state_reg[1]/CLR
                            (removal check against rising-edge clock sys_clk  {rise@0.000ns fall@10.000ns period=20.000ns})
  Path Group:             **async_default**
  Path Type:              Removal (Min at Fast Process Corner)
  Requirement:            0.000ns  (sys_clk rise@0.000ns - sys_clk rise@0.000ns)
  Data Path Delay:        0.720ns  (logic 0.209ns (29.048%)  route 0.511ns (70.952%))
  Logic Levels:           1  (LUT1=1)
  Clock Path Skew:        0.034ns (DCD - SCD - CPR)
    Destination Clock Delay (DCD):    1.985ns
    Source Clock Delay      (SCD):    1.471ns
    Clock Pessimism Removal (CPR):    0.479ns

    Location             Delay type                Incr(ns)  Path(ns)    Netlist Resource(s)
  -------------------------------------------------------------------    -------------------
                         (clock sys_clk rise edge)    0.000     0.000 r  
    J19                                               0.000     0.000 r  sys_clk (IN)
                         net (fo=0)                   0.000     0.000    sys_clk
    J19                  IBUF (Prop_ibuf_I_O)         0.263     0.263 r  sys_clk_IBUF_inst/O
                         net (fo=1, routed)           0.634     0.897    sys_clk_IBUF
    BUFGCTRL_X0Y16       BUFG (Prop_bufg_I_O)         0.026     0.923 r  sys_clk_IBUF_BUFG_inst/O
                         net (fo=2370, routed)        0.549     1.471    sys_clk_IBUF_BUFG
    SLICE_X14Y75         FDRE                                         r  rst_n_reg/C
  -------------------------------------------------------------------    -------------------
    SLICE_X14Y75         FDRE (Prop_fdre_C_Q)         0.164     1.635 r  rst_n_reg/Q
                         net (fo=13, routed)          0.298     1.933    u_ntt_core/u_core/u_bf/u_m/rst_n
    SLICE_X12Y75         LUT1 (Prop_lut1_I0_O)        0.045     1.978 f  u_ntt_core/u_core/u_bf/u_m/led_i_2/O
                         net (fo=297, routed)         0.213     2.191    u_ntt_core_n_0
    SLICE_X12Y73         FDCE                                         f  FSM_sequential_boot_state_reg[1]/CLR
  -------------------------------------------------------------------    -------------------

                         (clock sys_clk rise edge)    0.000     0.000 r  
    J19                                               0.000     0.000 r  sys_clk (IN)
                         net (fo=0)                   0.000     0.000    sys_clk
    J19                  IBUF (Prop_ibuf_I_O)         0.451     0.451 r  sys_clk_IBUF_inst/O
                         net (fo=1, routed)           0.689     1.139    sys_clk_IBUF
    BUFGCTRL_X0Y16       BUFG (Prop_bufg_I_O)         0.029     1.168 r  sys_clk_IBUF_BUFG_inst/O
                         net (fo=2370, routed)        0.817     1.985    sys_clk_IBUF_BUFG
    SLICE_X12Y73         FDCE                                         r  FSM_sequential_boot_state_reg[1]/C
                         clock pessimism             -0.479     1.505    
    SLICE_X12Y73         FDCE (Remov_fdce_C_CLR)     -0.067     1.438    FSM_sequential_boot_state_reg[1]
  -------------------------------------------------------------------
                         required time                         -1.438    
                         arrival time                           2.191    
  -------------------------------------------------------------------
                         slack                                  0.753    





