Copyright 1986-2021 Xilinx, Inc. All Rights Reserved.
---------------------------------------------------------------------------------------
| Tool Version : Vivado v.2021.1 (win64) Build 3247384 Thu Jun 10 19:36:33 MDT 2021
| Date         : Fri Jul 10 14:03:20 2026
| Host         : LAPTOP-FOB39IA4 running 64-bit major release  (build 9200)
| Command      : report_timing_summary -file E:/fpga/fibemate/reports/timing_v5_2b.rpt
| Design       : fibemate_fpga_top
| Device       : 7a35t-fgg484
| Speed File   : -2  PRODUCTION 1.23 2018-06-13
---------------------------------------------------------------------------------------

Timing Summary Report

------------------------------------------------------------------------------------------------
| Timer Settings
| --------------
------------------------------------------------------------------------------------------------

  Enable Multi Corner Analysis               :  Yes
  Enable Pessimism Removal                   :  Yes
  Pessimism Removal Resolution               :  Nearest Common Node
  Enable Input Delay Default Clock           :  No
  Enable Preset / Clear Arcs                 :  No
  Disable Flight Delays                      :  No
  Ignore I/O Paths                           :  No
  Timing Early Launch at Borrowing Latches   :  No
  Borrow Time for Max Delay Exceptions       :  Yes
  Merge Timing Exceptions                    :  Yes

  Corner  Analyze    Analyze    
  Name    Max Paths  Min Paths  
  ------  ---------  ---------  
  Slow    Yes        Yes        
  Fast    Yes        Yes        


------------------------------------------------------------------------------------------------
| Report Methodology
| ------------------
------------------------------------------------------------------------------------------------

No report available as report_methodology has not been run prior. Run report_methodology on the current design for the summary of methodology violations.



check_timing report

Table of Contents
-----------------
1. checking no_clock (0)
2. checking constant_clock (0)
3. checking pulse_width_clock (0)
4. checking unconstrained_internal_endpoints (0)
5. checking no_input_delay (0)
6. checking no_output_delay (28)
7. checking multiple_clock (0)
8. checking generated_clocks (0)
9. checking loops (0)
10. checking partial_input_delay (0)
11. checking partial_output_delay (0)
12. checking latch_loops (0)

1. checking no_clock (0)
------------------------
 There are 0 register/latch pins with no clock.


2. checking constant_clock (0)
------------------------------
 There are 0 register/latch pins with constant_clock.


3. checking pulse_width_clock (0)
---------------------------------
 There are 0 register/latch pins which need pulse_width check


4. checking unconstrained_internal_endpoints (0)
------------------------------------------------
 There are 0 pins that are not constrained for maximum delay.

 There are 0 pins that are not constrained for maximum delay due to constant clock.


5. checking no_input_delay (0)
------------------------------
 There are 0 input ports with no input delay specified.

 There are 0 input ports with no input delay but user has a false path constraint.


6. checking no_output_delay (28)
--------------------------------
 There are 28 ports with no output delay specified. (HIGH)

 There are 0 ports with no output delay but user has a false path constraint

 There are 0 ports with no output delay but with a timing clock defined on it or propagating through it


7. checking multiple_clock (0)
------------------------------
 There are 0 register/latch pins with multiple clocks.


8. checking generated_clocks (0)
--------------------------------
 There are 0 generated clocks that are not connected to a clock source.


9. checking loops (0)
---------------------
 There are 0 combinational loops in the design.


10. checking partial_input_delay (0)
------------------------------------
 There are 0 input ports with partial input delay specified.


11. checking partial_output_delay (0)
-------------------------------------
 There are 0 ports with partial output delay specified.


12. checking latch_loops (0)
----------------------------
 There are 0 combinational latch loops in the design through latch input



------------------------------------------------------------------------------------------------
| Design Timing Summary
| ---------------------
------------------------------------------------------------------------------------------------

    WNS(ns)      TNS(ns)  TNS Failing Endpoints  TNS Total Endpoints      WHS(ns)      THS(ns)  THS Failing Endpoints  THS Total Endpoints     WPWS(ns)     TPWS(ns)  TPWS Failing Endpoints  TPWS Total Endpoints  
    -------      -------  ---------------------  -------------------      -------      -------  ---------------------  -------------------     --------     --------  ----------------------  --------------------  
      9.795        0.000                      0                 4945        0.080        0.000                      0                 4945        9.500        0.000                       0                  2371  


All user specified timing constraints are met.


------------------------------------------------------------------------------------------------
| Clock Summary
| -------------
------------------------------------------------------------------------------------------------

Clock    Waveform(ns)       Period(ns)      Frequency(MHz)
-----    ------------       ----------      --------------
sys_clk  {0.000 10.000}     20.000          50.000          


------------------------------------------------------------------------------------------------
| Intra Clock Table
| -----------------
------------------------------------------------------------------------------------------------

Clock             WNS(ns)      TNS(ns)  TNS Failing Endpoints  TNS Total Endpoints      WHS(ns)      THS(ns)  THS Failing Endpoints  THS Total Endpoints     WPWS(ns)     TPWS(ns)  TPWS Failing Endpoints  TPWS Total Endpoints  
-----             -------      -------  ---------------------  -------------------      -------      -------  ---------------------  -------------------     --------     --------  ----------------------  --------------------  
sys_clk             9.795        0.000                      0                 4648        0.080        0.000                      0                 4648        9.500        0.000                       0                  2371  


------------------------------------------------------------------------------------------------
| Inter Clock Table
| -----------------
------------------------------------------------------------------------------------------------

From Clock    To Clock          WNS(ns)      TNS(ns)  TNS Failing Endpoints  TNS Total Endpoints      WHS(ns)      THS(ns)  THS Failing Endpoints  THS Total Endpoints  
----------    --------          -------      -------  ---------------------  -------------------      -------      -------  ---------------------  -------------------  


------------------------------------------------------------------------------------------------
| Other Path Groups Table
| -----------------------
------------------------------------------------------------------------------------------------

Path Group         From Clock         To Clock               WNS(ns)      TNS(ns)  TNS Failing Endpoints  TNS Total Endpoints      WHS(ns)      THS(ns)  THS Failing Endpoints  THS Total Endpoints  
----------         ----------         --------               -------      -------  ---------------------  -------------------      -------      -------  ---------------------  -------------------  
**async_default**  sys_clk            sys_clk                 15.540        0.000                      0                  297        0.742        0.000                      0                  297  


------------------------------------------------------------------------------------------------
| Timing Details
| --------------
------------------------------------------------------------------------------------------------


---------------------------------------------------------------------------------------------------
From Clock:  sys_clk
  To Clock:  sys_clk

Setup :            0  Failing Endpoints,  Worst Slack        9.795ns,  Total Violation        0.000ns
Hold  :            0  Failing Endpoints,  Worst Slack        0.080ns,  Total Violation        0.000ns
PW    :            0  Failing Endpoints,  Worst Slack        9.500ns,  Total Violation        0.000ns
---------------------------------------------------------------------------------------------------


Max Delay Paths
--------------------------------------------------------------------------------------
Slack (MET) :             9.795ns  (required time - arrival time)
  Source:                 seq_cnt_reg[1]_rep__1/C
                            (rising edge-triggered cell FDCE clocked by sys_clk  {rise@0.000ns fall@10.000ns period=20.000ns})
  Destination:            inv_pass_flag_reg/D
                            (rising edge-triggered cell FDCE clocked by sys_clk  {rise@0.000ns fall@10.000ns period=20.000ns})
  Path Group:             sys_clk
  Path Type:              Setup (Max at Slow Process Corner)
  Requirement:            20.000ns  (sys_clk rise@20.000ns - sys_clk rise@0.000ns)
  Data Path Delay:        9.914ns  (logic 2.353ns (23.735%)  route 7.561ns (76.265%))
  Logic Levels:           9  (CARRY4=1 LUT5=1 LUT6=3 MUXF7=2 MUXF8=2)
  Clock Path Skew:        -0.055ns (DCD - SCD + CPR)
    Destination Clock Delay (DCD):    4.275ns = ( 24.275 - 20.000 ) 
    Source Clock Delay      (SCD):    4.554ns
    Clock Pessimism Removal (CPR):    0.224ns
  Clock Uncertainty:      0.035ns  ((TSJ^2 + TIJ^2)^1/2 + DJ) / 2 + PE
    Total System Jitter     (TSJ):    0.071ns
    Total Input Jitter      (TIJ):    0.000ns
    Discrete Jitter          (DJ):    0.000ns
    Phase Error              (PE):    0.000ns

    Location             Delay type                Incr(ns)  Path(ns)    Netlist Resource(s)
  -------------------------------------------------------------------    -------------------
                         (clock sys_clk rise edge)    0.000     0.000 r  
    J19                                               0.000     0.000 r  sys_clk (IN)
                         net (fo=0)                   0.000     0.000    sys_clk
    J19                  IBUF (Prop_ibuf_I_O)         1.426     1.426 r  sys_clk_IBUF_inst/O
                         net (fo=1, routed)           1.693     3.119    sys_clk_IBUF
    BUFGCTRL_X0Y16       BUFG (Prop_bufg_I_O)         0.081     3.200 r  sys_clk_IBUF_BUFG_inst/O
                         net (fo=2370, routed)        1.354     4.554    sys_clk_IBUF_BUFG
    SLICE_X10Y91         FDCE                                         r  seq_cnt_reg[1]_rep__1/C
  -------------------------------------------------------------------    -------------------
    SLICE_X10Y91         FDCE (Prop_fdce_C_Q)         0.433     4.987 r  seq_cnt_reg[1]_rep__1/Q
                         net (fo=112, routed)         4.263     9.250    seq_cnt_reg[1]_rep__1_n_0
    SLICE_X38Y113        LUT6 (Prop_lut6_I2_O)        0.105     9.355 r  inv_pass_flag_i_777/O
                         net (fo=1, routed)           0.000     9.355    inv_pass_flag_i_777_n_0
    SLICE_X38Y113        MUXF7 (Prop_muxf7_I1_O)      0.206     9.561 r  inv_pass_flag_reg_i_482/O
                         net (fo=1, routed)           0.000     9.561    inv_pass_flag_reg_i_482_n_0
    SLICE_X38Y113        MUXF8 (Prop_muxf8_I0_O)      0.082     9.643 r  inv_pass_flag_reg_i_207/O
                         net (fo=1, routed)           0.949    10.592    inv_pass_flag_reg_i_207_n_0
    SLICE_X24Y102        LUT6 (Prop_lut6_I5_O)        0.259    10.851 r  inv_pass_flag_i_80/O
                         net (fo=1, routed)           0.000    10.851    inv_pass_flag_i_80_n_0
    SLICE_X24Y102        MUXF7 (Prop_muxf7_I0_O)      0.199    11.050 r  inv_pass_flag_reg_i_30/O
                         net (fo=1, routed)           0.000    11.050    inv_pass_flag_reg_i_30_n_0
    SLICE_X24Y102        MUXF8 (Prop_muxf8_I0_O)      0.085    11.135 r  inv_pass_flag_reg_i_13/O
                         net (fo=1, routed)           0.471    11.606    inv_pass_flag_reg_i_13_n_0
    SLICE_X24Y103        LUT6 (Prop_lut6_I0_O)        0.264    11.870 r  inv_pass_flag_i_5/O
                         net (fo=1, routed)           0.000    11.870    inv_pass_flag_i_5_n_0
    SLICE_X24Y103        CARRY4 (Prop_carry4_S[0]_CO[2])
                                                      0.446    12.316 f  inv_pass_flag_reg_i_2/CO[2]
                         net (fo=1, routed)           1.732    14.048    u_ntt_core/u_core/CO[0]
    SLICE_X12Y78         LUT5 (Prop_lut5_I2_O)        0.274    14.322 r  u_ntt_core/u_core/inv_pass_flag_i_1/O
                         net (fo=1, routed)           0.146    14.468    u_ntt_core_n_13
    SLICE_X13Y78         FDCE                                         r  inv_pass_flag_reg/D
  -------------------------------------------------------------------    -------------------

                         (clock sys_clk rise edge)   20.000    20.000 r  
    J19                                               0.000    20.000 r  sys_clk (IN)
                         net (fo=0)                   0.000    20.000    sys_clk
    J19                  IBUF (Prop_ibuf_I_O)         1.360    21.360 r  sys_clk_IBUF_inst/O
                         net (fo=1, routed)           1.604    22.964    sys_clk_IBUF
    BUFGCTRL_X0Y16       BUFG (Prop_bufg_I_O)         0.077    23.041 r  sys_clk_IBUF_BUFG_inst/O
                         net (fo=2370, routed)        1.234    24.275    sys_clk_IBUF_BUFG
    SLICE_X13Y78         FDCE                                         r  inv_pass_flag_reg/C
                         clock pessimism              0.224    24.499    
                         clock uncertainty           -0.035    24.464    
    SLICE_X13Y78         FDCE (Setup_fdce_C_D)       -0.201    24.263    inv_pass_flag_reg
  -------------------------------------------------------------------
                         required time                         24.263    
                         arrival time                         -14.468    
  -------------------------------------------------------------------
                         slack                                  9.795    





Min Delay Paths
--------------------------------------------------------------------------------------
Slack (MET) :             0.080ns  (arrival time - required time)
  Source:                 u_led_blink/counter_reg[23]/C
                            (rising edge-triggered cell FDCE clocked by sys_clk  {rise@0.000ns fall@10.000ns period=20.000ns})
  Destination:            u_led_blink/counter_reg[24]/D
                            (rising edge-triggered cell FDCE clocked by sys_clk  {rise@0.000ns fall@10.000ns period=20.000ns})
  Path Group:             sys_clk
  Path Type:              Hold (Min at Fast Process Corner)
  Requirement:            0.000ns  (sys_clk rise@0.000ns - sys_clk rise@0.000ns)
  Data Path Delay:        0.449ns  (logic 0.256ns (57.036%)  route 0.193ns (42.964%))
  Logic Levels:           2  (CARRY4=1 LUT5=1)
  Clock Path Skew:        0.264ns (DCD - SCD - CPR)
    Destination Clock Delay (DCD):    2.001ns
    Source Clock Delay      (SCD):    1.491ns
    Clock Pessimism Removal (CPR):    0.246ns

    Location             Delay type                Incr(ns)  Path(ns)    Netlist Resource(s)
  -------------------------------------------------------------------    -------------------
                         (clock sys_clk rise edge)    0.000     0.000 r  
    J19                                               0.000     0.000 r  sys_clk (IN)
                         net (fo=0)                   0.000     0.000    sys_clk
    J19                  IBUF (Prop_ibuf_I_O)         0.263     0.263 r  sys_clk_IBUF_inst/O
                         net (fo=1, routed)           0.634     0.897    sys_clk_IBUF
    BUFGCTRL_X0Y16       BUFG (Prop_bufg_I_O)         0.026     0.923 r  sys_clk_IBUF_BUFG_inst/O
                         net (fo=2370, routed)        0.569     1.491    u_led_blink/sys_clk_IBUF_BUFG
    SLICE_X9Y49          FDCE                                         r  u_led_blink/counter_reg[23]/C
  -------------------------------------------------------------------    -------------------
    SLICE_X9Y49          FDCE (Prop_fdce_C_Q)         0.141     1.632 f  u_led_blink/counter_reg[23]/Q
                         net (fo=27, routed)          0.193     1.825    u_led_blink/counter_reg[23]
    SLICE_X9Y50          LUT5 (Prop_lut5_I4_O)        0.045     1.870 r  u_led_blink/counter[24]_i_2/O
                         net (fo=1, routed)           0.000     1.870    u_led_blink/counter[24]_i_2_n_0
    SLICE_X9Y50          CARRY4 (Prop_carry4_S[0]_O[0])
                                                      0.070     1.940 r  u_led_blink/counter_reg[24]_i_1/O[0]
                         net (fo=1, routed)           0.000     1.940    u_led_blink/counter_reg[24]_i_1_n_7
    SLICE_X9Y50          FDCE                                         r  u_led_blink/counter_reg[24]/D
  -------------------------------------------------------------------    -------------------

                         (clock sys_clk rise edge)    0.000     0.000 r  
    J19                                               0.000     0.000 r  sys_clk (IN)
                         net (fo=0)                   0.000     0.000    sys_clk
    J19                  IBUF (Prop_ibuf_I_O)         0.451     0.451 r  sys_clk_IBUF_inst/O
                         net (fo=1, routed)           0.689     1.139    sys_clk_IBUF
    BUFGCTRL_X0Y16       BUFG (Prop_bufg_I_O)         0.029     1.168 r  sys_clk_IBUF_BUFG_inst/O
                         net (fo=2370, routed)        0.833     2.001    u_led_blink/sys_clk_IBUF_BUFG
    SLICE_X9Y50          FDCE                                         r  u_led_blink/counter_reg[24]/C
                         clock pessimism             -0.246     1.755    
    SLICE_X9Y50          FDCE (Hold_fdce_C_D)         0.105     1.860    u_led_blink/counter_reg[24]
  -------------------------------------------------------------------
                         required time                         -1.860    
                         arrival time                           1.940    
  -------------------------------------------------------------------
                         slack                                  0.080    





Pulse Width Checks
--------------------------------------------------------------------------------------
Clock Name:         sys_clk
Waveform(ns):       { 0.000 10.000 }
Period(ns):         20.000
Sources:            { sys_clk }

Check Type        Corner  Lib Pin  Reference Pin  Required(ns)  Actual(ns)  Slack(ns)  Location        Pin
Min Period        n/a     BUFG/I   n/a            1.592         20.000      18.408     BUFGCTRL_X0Y16  sys_clk_IBUF_BUFG_inst/I
Low Pulse Width   Slow    FDPE/C   n/a            0.500         10.000      9.500      SLICE_X12Y78    FSM_onehot_seq_state_reg[0]/C
High Pulse Width  Slow    FDPE/C   n/a            0.500         10.000      9.500      SLICE_X12Y78    FSM_onehot_seq_state_reg[0]/C



---------------------------------------------------------------------------------------------------
Path Group:  **async_default**
From Clock:  sys_clk
  To Clock:  sys_clk

Setup :            0  Failing Endpoints,  Worst Slack       15.540ns,  Total Violation        0.000ns
Hold  :            0  Failing Endpoints,  Worst Slack        0.742ns,  Total Violation        0.000ns
---------------------------------------------------------------------------------------------------


Max Delay Paths
--------------------------------------------------------------------------------------
Slack (MET) :             15.540ns  (required time - arrival time)
  Source:                 rst_n_reg/C
                            (rising edge-triggered cell FDRE clocked by sys_clk  {rise@0.000ns fall@10.000ns period=20.000ns})
  Destination:            seq_cnt_reg[0]_rep/CLR
                            (recovery check against rising-edge clock sys_clk  {rise@0.000ns fall@10.000ns period=20.000ns})
  Path Group:             **async_default**
  Path Type:              Recovery (Max at Slow Process Corner)
  Requirement:            20.000ns  (sys_clk rise@20.000ns - sys_clk rise@0.000ns)
  Data Path Delay:        4.103ns  (logic 0.538ns (13.113%)  route 3.565ns (86.887%))
  Logic Levels:           1  (LUT1=1)
  Clock Path Skew:        -0.030ns (DCD - SCD + CPR)
    Destination Clock Delay (DCD):    4.283ns = ( 24.283 - 20.000 ) 
    Source Clock Delay      (SCD):    4.537ns
    Clock Pessimism Removal (CPR):    0.224ns
  Clock Uncertainty:      0.035ns  ((TSJ^2 + TIJ^2)^1/2 + DJ) / 2 + PE
    Total System Jitter     (TSJ):    0.071ns
    Total Input Jitter      (TIJ):    0.000ns
    Discrete Jitter          (DJ):    0.000ns
    Phase Error              (PE):    0.000ns

    Location             Delay type                Incr(ns)  Path(ns)    Netlist Resource(s)
  -------------------------------------------------------------------    -------------------
                         (clock sys_clk rise edge)    0.000     0.000 r  
    J19                                               0.000     0.000 r  sys_clk (IN)
                         net (fo=0)                   0.000     0.000    sys_clk
    J19                  IBUF (Prop_ibuf_I_O)         1.426     1.426 r  sys_clk_IBUF_inst/O
                         net (fo=1, routed)           1.693     3.119    sys_clk_IBUF
    BUFGCTRL_X0Y16       BUFG (Prop_bufg_I_O)         0.081     3.200 r  sys_clk_IBUF_BUFG_inst/O
                         net (fo=2370, routed)        1.337     4.537    sys_clk_IBUF_BUFG
    SLICE_X14Y74         FDRE                                         r  rst_n_reg/C
  -------------------------------------------------------------------    -------------------
    SLICE_X14Y74         FDRE (Prop_fdre_C_Q)         0.433     4.970 r  rst_n_reg/Q
                         net (fo=13, routed)          0.523     5.493    u_ntt_core/u_core/u_bf/u_m/rst_n
    SLICE_X12Y75         LUT1 (Prop_lut1_I0_O)        0.105     5.598 f  u_ntt_core/u_core/u_bf/u_m/led_i_2/O
                         net (fo=297, routed)         3.042     8.640    u_ntt_core_n_0
    SLICE_X8Y86          FDCE                                         f  seq_cnt_reg[0]_rep/CLR
  -------------------------------------------------------------------    -------------------

                         (clock sys_clk rise edge)   20.000    20.000 r  
    J19                                               0.000    20.000 r  sys_clk (IN)
                         net (fo=0)                   0.000    20.000    sys_clk
    J19                  IBUF (Prop_ibuf_I_O)         1.360    21.360 r  sys_clk_IBUF_inst/O
                         net (fo=1, routed)           1.604    22.964    sys_clk_IBUF
    BUFGCTRL_X0Y16       BUFG (Prop_bufg_I_O)         0.077    23.041 r  sys_clk_IBUF_BUFG_inst/O
                         net (fo=2370, routed)        1.242    24.283    sys_clk_IBUF_BUFG
    SLICE_X8Y86          FDCE                                         r  seq_cnt_reg[0]_rep/C
                         clock pessimism              0.224    24.507    
                         clock uncertainty           -0.035    24.472    
    SLICE_X8Y86          FDCE (Recov_fdce_C_CLR)     -0.292    24.180    seq_cnt_reg[0]_rep
  -------------------------------------------------------------------
                         required time                         24.180    
                         arrival time                          -8.640    
  -------------------------------------------------------------------
                         slack                                 15.540    





Min Delay Paths
--------------------------------------------------------------------------------------
Slack (MET) :             0.742ns  (arrival time - required time)
  Source:                 rst_n_reg/C
                            (rising edge-triggered cell FDRE clocked by sys_clk  {rise@0.000ns fall@10.000ns period=20.000ns})
  Destination:            u_ntt_core/u_core/cycle_cnt_reg[0]/CLR
                            (removal check against rising-edge clock sys_clk  {rise@0.000ns fall@10.000ns period=20.000ns})
  Path Group:             **async_default**
  Path Type:              Removal (Min at Fast Process Corner)
  Requirement:            0.000ns  (sys_clk rise@0.000ns - sys_clk rise@0.000ns)
  Data Path Delay:        0.683ns  (logic 0.209ns (30.620%)  route 0.474ns (69.380%))
  Logic Levels:           1  (LUT1=1)
  Clock Path Skew:        0.033ns (DCD - SCD - CPR)
    Destination Clock Delay (DCD):    1.984ns
    Source Clock Delay      (SCD):    1.471ns
    Clock Pessimism Removal (CPR):    0.479ns

    Location             Delay type                Incr(ns)  Path(ns)    Netlist Resource(s)
  -------------------------------------------------------------------    -------------------
                         (clock sys_clk rise edge)    0.000     0.000 r  
    J19                                               0.000     0.000 r  sys_clk (IN)
                         net (fo=0)                   0.000     0.000    sys_clk
    J19                  IBUF (Prop_ibuf_I_O)         0.263     0.263 r  sys_clk_IBUF_inst/O
                         net (fo=1, routed)           0.634     0.897    sys_clk_IBUF
    BUFGCTRL_X0Y16       BUFG (Prop_bufg_I_O)         0.026     0.923 r  sys_clk_IBUF_BUFG_inst/O
                         net (fo=2370, routed)        0.549     1.471    sys_clk_IBUF_BUFG
    SLICE_X14Y74         FDRE                                         r  rst_n_reg/C
  -------------------------------------------------------------------    -------------------
    SLICE_X14Y74         FDRE (Prop_fdre_C_Q)         0.164     1.635 r  rst_n_reg/Q
                         net (fo=13, routed)          0.271     1.907    u_ntt_core/u_core/u_bf/u_m/rst_n
    SLICE_X12Y75         LUT1 (Prop_lut1_I0_O)        0.045     1.952 f  u_ntt_core/u_core/u_bf/u_m/led_i_2/O
                         net (fo=297, routed)         0.202     2.154    u_ntt_core/u_core/rst_n_reg
    SLICE_X11Y75         FDCE                                         f  u_ntt_core/u_core/cycle_cnt_reg[0]/CLR
  -------------------------------------------------------------------    -------------------

                         (clock sys_clk rise edge)    0.000     0.000 r  
    J19                                               0.000     0.000 r  sys_clk (IN)
                         net (fo=0)                   0.000     0.000    sys_clk
    J19                  IBUF (Prop_ibuf_I_O)         0.451     0.451 r  sys_clk_IBUF_inst/O
                         net (fo=1, routed)           0.689     1.139    sys_clk_IBUF
    BUFGCTRL_X0Y16       BUFG (Prop_bufg_I_O)         0.029     1.168 r  sys_clk_IBUF_BUFG_inst/O
                         net (fo=2370, routed)        0.816     1.984    u_ntt_core/u_core/sys_clk_IBUF_BUFG
    SLICE_X11Y75         FDCE                                         r  u_ntt_core/u_core/cycle_cnt_reg[0]/C
                         clock pessimism             -0.479     1.504    
    SLICE_X11Y75         FDCE (Remov_fdce_C_CLR)     -0.092     1.412    u_ntt_core/u_core/cycle_cnt_reg[0]
  -------------------------------------------------------------------
                         required time                         -1.412    
                         arrival time                           2.154    
  -------------------------------------------------------------------
                         slack                                  0.742    





